// Jest Snapshot v1, https://goo.gl/fbAQLP

exports[`renders correctly 1`] = `
<div
  className="form"
>
  <div
    className="card card-default"
  >
    <form
      onSubmit={[Function]}
    >
      <div
        className="input"
      >
        <div
          className="input-wrapper"
        >
          <input
            onBlur={[Function]}
            onChange={[Function]}
            onFocus={[Function]}
            placeholder="First Name"
            type="text"
          />
        </div>
      </div>
      <div
        className="input"
      >
        <div
          className="input-wrapper"
        >
          <input
            onBlur={[Function]}
            onChange={[Function]}
            onFocus={[Function]}
            placeholder="Last Name"
            type="text"
          />
        </div>
      </div>
      <div
        className="input"
      >
        <div
          className="input-wrapper"
        >
          <input
            onBlur={[Function]}
            onChange={[Function]}
            onFocus={[Function]}
            placeholder="Email Address"
            type="text"
          />
        </div>
      </div>
      <div
        className="input"
      >
        <div
          className="input-wrapper"
        >
          <input
            onBlur={[Function]}
            onChange={[Function]}
            onFocus={[Function]}
            placeholder="Password"
            type="password"
          />
        </div>
      </div>
      <div
        className="input"
      >
        <input
          type="submit"
          value="Claim your free trial"
        />
      </div>
      <footer>
        <p>
          By clicking the button, you are agreeing to our 
          <a
            href="#"
          >
            Terms and Services
          </a>
        </p>
      </footer>
    </form>
  </div>
</div>
`;
